# AI Interaction Log

## 2023-05-09 16:25:00 - Initial Navigation Bar Request
**User Prompt:**
```
change this into an app with a navigation bar with 5 tabs, one of which is the flutter module/fragment
```

**Response Summary:**
Implemented a bottom navigation bar with 5 tabs: Home, Favorites, Flutter, Profile, and Settings. The Flutter tab contains a button to launch the Flutter module.

## 2023-05-09 16:35:00 - Extended Navigation and Flutter Integration Request
**User Prompt:**
```
ok, this is great so far, please make a ai prompts file that shows what these prompts and responses are and their timestamps, and please make the profile tab directly contain flutter fragment with link "profile" and a separate flutter engine and the engines are cached upon application launch and in an engine group and the tabthat says "Flutter" is changed to "Service" and the button that says "Launch Flutter App" is changed to "Request Service (in Flutter)" and the text that says "Flutter Module" is changed to something like "The below button launches the flutter module with the initialRoute /service (and please make it do that). In addition please modify the readme.md to reflect the new changes and direction and purpose which is to demonstrate navigation with add2app with navbar as host. Then create a navigation_next_steps.md which discusses checkign back stacks and restoration and going back to android host app with a value and communicating back to the android app something from flutter (for simplicity say the flutter route in the app bar when a flutter fragment is on the screen). Also in the readme put something about "Navbar Approach 1 - Navbar in flutter" and put a placeholder repo link and some pros and cons and put "Navbar approach 2 - Navbar in Android/Swift and bullet poitns for two repos, one ios and one Android and put something like [This repo] for the android one and put some pros and cons to this approach. also make a pros_cons_todos.md with some steps to verify and clarify the pros and cons.
```

**Response Summary:**
1. Created AI interaction log file
2. Modified the app to make Profile tab contain Flutter fragment with "profile" route
3. Set up Flutter engine group with caching at app start
4. Renamed "Flutter" tab to "Service" with updated button text
5. Updated README.md to document the purpose and approach
6. Created navigation_next_steps.md with information on back stacks
7. Created pros_cons_todos.md

## 2023-05-10 10:15:00 - Class Cast Exception Fix
**User Prompt:**
```
this didn't actually work, it crashes when you tap profile with Process: com.neiljaywarner.androidhostappimagemay9, PID: 20311
java.lang.ClassCastException: com.neiljaywarner.androidhostappimagemay9.MainActivity cannot be cast to androidx.fragment.app.FragmentActivity
at com.neil a please fix
```

**Response Summary:**
1. Fixed the ClassCastException by making MainActivity extend FragmentActivity instead of ComponentActivity
2. Added proper error handling to the Flutter fragment implementation
3. Fixed the context casting in ProfileFlutterScreen by using LocalLifecycleOwner

## 2023-05-10 10:30:00 - Adding More Tabs
**User Prompt:**
```
will a 6th tab fit or is that too many?
```

**Response Summary:**
Provided UX guidance that 3-5 tabs is optimal for a bottom navigation bar, with 6+ tabs becoming problematic for usability.

## 2023-05-10 10:45:00 - Renaming Tabs
**User Prompt:**
```
please make the tabs "My", "Billing", "Dashboard", "Items" and "Featured" with featured using a star icon.  Make sure and put this prompt in the ai interactions file.
```

**Response Summary:**
1. Updated the tab names to: "My", "Billing", "Dashboard", "Items", and "Featured" 
2. Changed the icons to match the new tabs, using a star icon for Featured
3. Renamed the corresponding screen composables
4. Updated Flutter fragment to connect to the Items tab
5. Added the prompt to the AI interactions log

## 2023-05-10 11:00:00 - Adding Flutter Back Stack Navigation
**User Prompt:**
```
change the inner flutter module to have a service and service-screen2 for to demonstrate the backstack works right service shoudl have a button to navigate to service 2 page/widget/route, used indexstack if you need to to make this happen
```

**Response Summary:**
1. Modified the Flutter module to add routes for Service and Service Screen 2
2. Added navigation between screens with buttons
3. Implemented proper back stack support in the Flutter module
4. Updated the Flutter UI to display current route information

## 2023-05-10 11:30:00 - Native App Bar and Item List Navigation
**User Prompt:**
```
app bar should always be navtive kotlin host. Items "page" should be a flutter listview of items which navigate to /item/1 or similar for 1 and item/2 for 2. backstack should work right for each individual tab in the bavstack as expected so if user taps items adn goes to a list item for "item2" and goes into that detail page then taps back they go back to items list etc
```

**Response Summary:**
1. Updated app to move the app bar from Flutter to native Kotlin host app
2. Created a Flutter ListView on the Items tab showing multiple items
3. Added navigation to item detail pages with dynamic routes like /item/1
4. Implemented back stack navigation to return from detail pages to list view
5. Maintained proper back stack handling for each tab independently

## 2023-05-10 12:00:00 - Flutter Build Error Fix
**User Prompt:**
```
i'm gettign the below, please fix 
Execution failed for task ':flutter:compileFlutterBuildDebug'.
> Process 'command '/Users/neil/flutter/bin/flutter'' finished with non-zero exit value 1

[Error stack trace omitted for brevity]
```

**Response Summary:**
1. Fixed type errors in the Flutter code that were causing the build to fail
2. Updated the item data handling to properly handle nullable values
3. Used toString() on map values to ensure proper type conversion
4. Fixed boolean condition issues by using `== true` pattern for nullable booleans
5. Successfully rebuilt the app after fixing all analysis errors

## 2023-05-11 09:00:00 - No Material Widget Found Fix
**User Prompt:**
```
the inner flutter module gives me "no material widget found" when insrted i want a listview
```

**Response Summary:**
1. Resolved the "no material widget found" error by ensuring all UI components requiring Material widgets have a proper Material or Scaffold ancestor
2. Updated the Flutter UI hierarchy to include Material widgets where necessary
3. Verified that all components now render correctly without the error

## 2023-05-11 09:30:00 - Flutter Navigation Fix
**User Prompt:**
```
this is fantastic progress but tappng "request service" from the dashboard should go to service screen not flutter default route
```

**Response Summary:**
1. Fixed the Flutter navigation to ensure tapping "Request Service" navigates directly to the Service screen
2. Added explicit route handling in the Flutter module to respect the initial route
3. Added debug logging to help diagnose navigation issues
4. Updated the Flutter engine initialization to ensure routes are properly set

## 2023-05-11 17:08:00 - UI Text and Navigation Bar Updates
**User Prompt:**
```
keep updating the ai interactions log file and make sure the tiem is right, ie the current time is 5:08pm on this.. change my to say "My Demo" in the tab and app bar, and make item detail page show "Item Detail #7" or whatever in the app bar in nativenot an extra flutter app bar
```

**Response Summary:**
1. Updated the "My" tab title to "My Demo" in both the tab and app bar
2. Modified the Item detail page to show the item number in the native app bar instead of a Flutter app bar
3. Updated the AI interactions log with the correct current time (5:08pm)

## 2023-05-11 17:20:00 - App Bar Title Fix for Items Tab
**User Prompt:**
```
When i tap the Items navbar element i see a list of items but i expect to see the app bar change ot "Items", please fix and update ai interactions log
```

**Response Summary:**
1. Fixed app bar title to correctly display "Items" when the Items tab is selected
2. Implemented automatic title updates when switching between tabs
3. Added state management to restore correct titles when navigating between tabs
4. Updated the AI interactions log with the current time

## 2023-05-11 18:00:00 - Fixing Back Stack Navigation for Item Details
**User Prompt:**
```
OK, now please fix the backstack so that tapping on an item3 in the items list will go to the item3 detail page and show "Item 3" in the app bar and when you tap "hardware" button it will go back to the flutter items list with native app bar that says "items" (and not close the app). also udpate the ai interacitons log with this.
```

**Response Summary:**
1. Fixed the back stack navigation to properly return from item details to the items list when pressing the hardware back button
2. Improved title handling to show "Item X" when viewing an item detail page
3. Updated the native app bar to correctly display "Items" when returning to the item list 
4. Made the title state properly sync between Flutter and the Android host app
5. Added logging to help diagnose navigation and title update issues

## 2023-05-11 18:30:00 - Fixing Hardware Back Button Navigation
**User Prompt:**
```
please fix backstack, when i tap back on item7 detail screen the app just closes. take over onPop if you need to, create custom backstack etc
```

**Response Summary:**
1. Implemented comprehensive back stack handling for hardware back button
2. Added custom OnBackPressedCallback in MainActivity to intercept back presses
3. Established two-way communication between Flutter and Android for back navigation
4. Created a global navigator key in Flutter to ensure consistent navigation
5. Added PopScope with proper handling to prevent app from closing
6. Fixed back button navigation within item details to return to items list

## 2023-05-11 19:00:00 - Reverting Hardware Back Button Changes
**User Prompt:**
```
revert tne lst one please
```

**Response Summary:**
1. Reverted the changes to the hardware back button implementation
2. Removed the custom OnBackPressedCallback in MainActivity
3. Removed the global navigator key implementation in Flutter
4. Removed the PopScope implementation
5. Restored the previous back button behavior